------------------------------------------------------------
Timing Analyzer Summary
------------------------------------------------------------

Type  : Slow 1200mV 85C Model Setup 'clk'
Slack : -2.887
TNS   : -47.685

Type  : Slow 1200mV 85C Model Setup 'divide:u1|clk_p'
Slack : -1.818
TNS   : -22.452

Type  : Slow 1200mV 85C Model Hold 'divide:u1|clk_p'
Slack : 0.360
TNS   : 0.000

Type  : Slow 1200mV 85C Model Hold 'clk'
Slack : 0.727
TNS   : 0.000

Type  : Slow 1200mV 85C Model Minimum Pulse Width 'clk'
Slack : -3.000
TNS   : -40.175

Type  : Slow 1200mV 85C Model Minimum Pulse Width 'divide:u1|clk_p'
Slack : -1.487
TNS   : -22.305

Type  : Slow 1200mV 0C Model Setup 'clk'
Slack : -2.578
TNS   : -41.896

Type  : Slow 1200mV 0C Model Setup 'divide:u1|clk_p'
Slack : -1.644
TNS   : -19.772

Type  : Slow 1200mV 0C Model Hold 'divide:u1|clk_p'
Slack : 0.322
TNS   : 0.000

Type  : Slow 1200mV 0C Model Hold 'clk'
Slack : 0.686
TNS   : 0.000

Type  : Slow 1200mV 0C Model Minimum Pulse Width 'clk'
Slack : -3.000
TNS   : -40.175

Type  : Slow 1200mV 0C Model Minimum Pulse Width 'divide:u1|clk_p'
Slack : -1.487
TNS   : -22.305

Type  : Fast 1200mV 0C Model Setup 'clk'
Slack : -0.478
TNS   : -4.616

Type  : Fast 1200mV 0C Model Setup 'divide:u1|clk_p'
Slack : -0.104
TNS   : -0.534

Type  : Fast 1200mV 0C Model Hold 'divide:u1|clk_p'
Slack : 0.150
TNS   : 0.000

Type  : Fast 1200mV 0C Model Hold 'clk'
Slack : 0.250
TNS   : 0.000

Type  : Fast 1200mV 0C Model Minimum Pulse Width 'clk'
Slack : -3.000
TNS   : -32.263

Type  : Fast 1200mV 0C Model Minimum Pulse Width 'divide:u1|clk_p'
Slack : -1.000
TNS   : -15.000

------------------------------------------------------------
