Analysis & Synthesis report for FirstDemo
Wed Jun 26 13:28:33 2019
Quartus Prime Version 18.1.0 Build 625 09/12/2018 SJ Lite Edition


---------------------
; Table of Contents ;
---------------------
  1. Legal Notice
  2. Analysis & Synthesis Summary
  3. Analysis & Synthesis Settings
  4. Parallel Compilation
  5. Analysis & Synthesis Source Files Read
  6. Analysis & Synthesis Resource Usage Summary
  7. Analysis & Synthesis Resource Utilization by Entity
  8. Registers Removed During Synthesis
  9. General Register Statistics
 10. Inverted Register Statistics
 11. Port Connectivity Checks: "Debounce:Debounce_uut"
 12. Post-Synthesis Netlist Statistics for Top Partition
 13. Elapsed Time Per Partition
 14. Analysis & Synthesis Messages



----------------
; Legal Notice ;
----------------
Copyright (C) 2018  Intel Corporation. All rights reserved.
Your use of Intel Corporation's design tools, logic functions 
and other software and tools, and its AMPP partner logic 
functions, and any output files from any of the foregoing 
(including device programming or simulation files), and any 
associated documentation or information are expressly subject 
to the terms and conditions of the Intel Program License 
Subscription Agreement, the Intel Quartus Prime License Agreement,
the Intel FPGA IP License Agreement, or other applicable license
agreement, including, without limitation, that your use is for
the sole purpose of programming logic devices manufactured by
Intel and sold by Intel or its authorized distributors.  Please
refer to the applicable agreement for further details.



+----------------------------------------------------------------------------------+
; Analysis & Synthesis Summary                                                     ;
+------------------------------------+---------------------------------------------+
; Analysis & Synthesis Status        ; Successful - Wed Jun 26 13:28:33 2019       ;
; Quartus Prime Version              ; 18.1.0 Build 625 09/12/2018 SJ Lite Edition ;
; Revision Name                      ; FirstDemo                                   ;
; Top-level Entity Name              ; FirstDemo                                   ;
; Family                             ; MAX 10                                      ;
; Total logic elements               ; 167                                         ;
;     Total combinational functions  ; 164                                         ;
;     Dedicated logic registers      ; 86                                          ;
; Total registers                    ; 86                                          ;
; Total pins                         ; 77                                          ;
; Total virtual pins                 ; 0                                           ;
; Total memory bits                  ; 0                                           ;
; Embedded Multiplier 9-bit elements ; 0                                           ;
; Total PLLs                         ; 0                                           ;
; UFM blocks                         ; 0                                           ;
; ADC blocks                         ; 0                                           ;
+------------------------------------+---------------------------------------------+


+------------------------------------------------------------------------------------------------------------+
; Analysis & Synthesis Settings                                                                              ;
+------------------------------------------------------------------+--------------------+--------------------+
; Option                                                           ; Setting            ; Default Value      ;
+------------------------------------------------------------------+--------------------+--------------------+
; Device                                                           ; 10M02SCM153C8G     ;                    ;
; Top-level entity name                                            ; FirstDemo          ; FirstDemo          ;
; Family name                                                      ; MAX 10             ; Cyclone V          ;
; Use smart compilation                                            ; Off                ; Off                ;
; Enable parallel Assembler and Timing Analyzer during compilation ; On                 ; On                 ;
; Enable compact report table                                      ; Off                ; Off                ;
; Restructure Multiplexers                                         ; Auto               ; Auto               ;
; Create Debugging Nodes for IP Cores                              ; Off                ; Off                ;
; Preserve fewer node names                                        ; On                 ; On                 ;
; Intel FPGA IP Evaluation Mode                                    ; Enable             ; Enable             ;
; Verilog Version                                                  ; Verilog_2001       ; Verilog_2001       ;
; VHDL Version                                                     ; VHDL_1993          ; VHDL_1993          ;
; State Machine Processing                                         ; Auto               ; Auto               ;
; Safe State Machine                                               ; Off                ; Off                ;
; Extract Verilog State Machines                                   ; On                 ; On                 ;
; Extract VHDL State Machines                                      ; On                 ; On                 ;
; Ignore Verilog initial constructs                                ; Off                ; Off                ;
; Iteration limit for constant Verilog loops                       ; 5000               ; 5000               ;
; Iteration limit for non-constant Verilog loops                   ; 250                ; 250                ;
; Add Pass-Through Logic to Inferred RAMs                          ; On                 ; On                 ;
; Infer RAMs from Raw Logic                                        ; On                 ; On                 ;
; Parallel Synthesis                                               ; On                 ; On                 ;
; DSP Block Balancing                                              ; Auto               ; Auto               ;
; NOT Gate Push-Back                                               ; On                 ; On                 ;
; Power-Up Don't Care                                              ; On                 ; On                 ;
; Remove Redundant Logic Cells                                     ; Off                ; Off                ;
; Remove Duplicate Registers                                       ; On                 ; On                 ;
; Ignore CARRY Buffers                                             ; Off                ; Off                ;
; Ignore CASCADE Buffers                                           ; Off                ; Off                ;
; Ignore GLOBAL Buffers                                            ; Off                ; Off                ;
; Ignore ROW GLOBAL Buffers                                        ; Off                ; Off                ;
; Ignore LCELL Buffers                                             ; Off                ; Off                ;
; Ignore SOFT Buffers                                              ; On                 ; On                 ;
; Limit AHDL Integers to 32 Bits                                   ; Off                ; Off                ;
; Optimization Technique                                           ; Balanced           ; Balanced           ;
; Carry Chain Length                                               ; 70                 ; 70                 ;
; Auto Carry Chains                                                ; On                 ; On                 ;
; Auto Open-Drain Pins                                             ; On                 ; On                 ;
; Perform WYSIWYG Primitive Resynthesis                            ; Off                ; Off                ;
; Auto ROM Replacement                                             ; On                 ; On                 ;
; Auto RAM Replacement                                             ; On                 ; On                 ;
; Auto DSP Block Replacement                                       ; On                 ; On                 ;
; Auto Shift Register Replacement                                  ; Auto               ; Auto               ;
; Allow Shift Register Merging across Hierarchies                  ; Auto               ; Auto               ;
; Auto Clock Enable Replacement                                    ; On                 ; On                 ;
; Strict RAM Replacement                                           ; Off                ; Off                ;
; Allow Synchronous Control Signals                                ; On                 ; On                 ;
; Force Use of Synchronous Clear Signals                           ; Off                ; Off                ;
; Auto RAM Block Balancing                                         ; On                 ; On                 ;
; Auto RAM to Logic Cell Conversion                                ; Off                ; Off                ;
; Auto Resource Sharing                                            ; Off                ; Off                ;
; Allow Any RAM Size For Recognition                               ; Off                ; Off                ;
; Allow Any ROM Size For Recognition                               ; Off                ; Off                ;
; Allow Any Shift Register Size For Recognition                    ; Off                ; Off                ;
; Use LogicLock Constraints during Resource Balancing              ; On                 ; On                 ;
; Ignore translate_off and synthesis_off directives                ; Off                ; Off                ;
; Timing-Driven Synthesis                                          ; On                 ; On                 ;
; Report Parameter Settings                                        ; On                 ; On                 ;
; Report Source Assignments                                        ; On                 ; On                 ;
; Report Connectivity Checks                                       ; On                 ; On                 ;
; Ignore Maximum Fan-Out Assignments                               ; Off                ; Off                ;
; Synchronization Register Chain Length                            ; 2                  ; 2                  ;
; Power Optimization During Synthesis                              ; Normal compilation ; Normal compilation ;
; HDL message level                                                ; Level2             ; Level2             ;
; Suppress Register Optimization Related Messages                  ; Off                ; Off                ;
; Number of Removed Registers Reported in Synthesis Report         ; 5000               ; 5000               ;
; Number of Swept Nodes Reported in Synthesis Report               ; 5000               ; 5000               ;
; Number of Inverted Registers Reported in Synthesis Report        ; 100                ; 100                ;
; Clock MUX Protection                                             ; On                 ; On                 ;
; Auto Gated Clock Conversion                                      ; Off                ; Off                ;
; Block Design Naming                                              ; Auto               ; Auto               ;
; SDC constraint protection                                        ; Off                ; Off                ;
; Synthesis Effort                                                 ; Auto               ; Auto               ;
; Shift Register Replacement - Allow Asynchronous Clear Signal     ; On                 ; On                 ;
; Pre-Mapping Resynthesis Optimization                             ; Off                ; Off                ;
; Analysis & Synthesis Message Level                               ; Medium             ; Medium             ;
; Disable Register Merging Across Hierarchies                      ; Auto               ; Auto               ;
; Resource Aware Inference For Block RAM                           ; On                 ; On                 ;
+------------------------------------------------------------------+--------------------+--------------------+


+------------------------------------------+
; Parallel Compilation                     ;
+----------------------------+-------------+
; Processors                 ; Number      ;
+----------------------------+-------------+
; Number detected on machine ; 8           ;
; Maximum allowed            ; 4           ;
;                            ;             ;
; Average used               ; 1.00        ;
; Maximum used               ; 4           ;
;                            ;             ;
; Usage by Processor         ; % Time Used ;
;     Processor 1            ; 100.0%      ;
;     Processor 2            ;   0.0%      ;
;     Processors 3-4         ;   0.0%      ;
+----------------------------+-------------+


+----------------------------------------------------------------------------------------------------------------------------------------------------------------------------------------------------------+
; Analysis & Synthesis Source Files Read                                                                                                                                                                   ;
+----------------------------------+-----------------+------------------------+------------------------------------------------------------------------------------------------------------------+---------+
; File Name with User-Entered Path ; Used in Netlist ; File Type              ; File Name with Absolute Path                                                                                     ; Library ;
+----------------------------------+-----------------+------------------------+------------------------------------------------------------------------------------------------------------------+---------+
; ../source/Water_led.v            ; yes             ; User Verilog HDL File  ; C:/Users/PC/Desktop/FOR STEP FPGA/step fpga user manual/MAX10/FirstDemo - MAX10M02SCM153C8G/source/Water_led.v   ;         ;
; ../source/Segment_led.v          ; yes             ; User Verilog HDL File  ; C:/Users/PC/Desktop/FOR STEP FPGA/step fpga user manual/MAX10/FirstDemo - MAX10M02SCM153C8G/source/Segment_led.v ;         ;
; ../source/Lightness.v            ; yes             ; User Verilog HDL File  ; C:/Users/PC/Desktop/FOR STEP FPGA/step fpga user manual/MAX10/FirstDemo - MAX10M02SCM153C8G/source/Lightness.v   ;         ;
; ../source/Heart_beat.v           ; yes             ; User Verilog HDL File  ; C:/Users/PC/Desktop/FOR STEP FPGA/step fpga user manual/MAX10/FirstDemo - MAX10M02SCM153C8G/source/Heart_beat.v  ;         ;
; ../source/FirstDemo.v            ; yes             ; User Verilog HDL File  ; C:/Users/PC/Desktop/FOR STEP FPGA/step fpga user manual/MAX10/FirstDemo - MAX10M02SCM153C8G/source/FirstDemo.v   ;         ;
; ../source/Debounce.v             ; yes             ; User Verilog HDL File  ; C:/Users/PC/Desktop/FOR STEP FPGA/step fpga user manual/MAX10/FirstDemo - MAX10M02SCM153C8G/source/Debounce.v    ;         ;
; ../source/Color_led.v            ; yes             ; User Verilog HDL File  ; C:/Users/PC/Desktop/FOR STEP FPGA/step fpga user manual/MAX10/FirstDemo - MAX10M02SCM153C8G/source/Color_led.v   ;         ;
; ../source/Clock_div.v            ; yes             ; User Verilog HDL File  ; C:/Users/PC/Desktop/FOR STEP FPGA/step fpga user manual/MAX10/FirstDemo - MAX10M02SCM153C8G/source/Clock_div.v   ;         ;
+----------------------------------+-----------------+------------------------+------------------------------------------------------------------------------------------------------------------+---------+


+--------------------------------------------------------------+
; Analysis & Synthesis Resource Usage Summary                  ;
+---------------------------------------------+----------------+
; Resource                                    ; Usage          ;
+---------------------------------------------+----------------+
; Estimated Total logic elements              ; 167            ;
;                                             ;                ;
; Total combinational functions               ; 164            ;
; Logic element usage by number of LUT inputs ;                ;
;     -- 4 input functions                    ; 56             ;
;     -- 3 input functions                    ; 27             ;
;     -- <=2 input functions                  ; 81             ;
;                                             ;                ;
; Logic elements by mode                      ;                ;
;     -- normal mode                          ; 116            ;
;     -- arithmetic mode                      ; 48             ;
;                                             ;                ;
; Total registers                             ; 86             ;
;     -- Dedicated logic registers            ; 86             ;
;     -- I/O registers                        ; 0              ;
;                                             ;                ;
; I/O pins                                    ; 77             ;
;                                             ;                ;
; Embedded Multiplier 9-bit elements          ; 0              ;
;                                             ;                ;
; Maximum fan-out node                        ; rst_n_in~input ;
; Maximum fan-out                             ; 86             ;
; Total fan-out                               ; 911            ;
; Average fan-out                             ; 2.25           ;
+---------------------------------------------+----------------+


+-------------------------------------------------------------------------------------------------------------------------------------------------------------------------------------------------------------------------------------------------------------+
; Analysis & Synthesis Resource Utilization by Entity                                                                                                                                                                                                         ;
+----------------------------------+---------------------+---------------------------+-------------+------------+--------------+---------+-----------+------+--------------+------------+----------------------------------------+-------------+--------------+
; Compilation Hierarchy Node       ; Combinational ALUTs ; Dedicated Logic Registers ; Memory Bits ; UFM Blocks ; DSP Elements ; DSP 9x9 ; DSP 18x18 ; Pins ; Virtual Pins ; ADC blocks ; Full Hierarchy Name                    ; Entity Name ; Library Name ;
+----------------------------------+---------------------+---------------------------+-------------+------------+--------------+---------+-----------+------+--------------+------------+----------------------------------------+-------------+--------------+
; |FirstDemo                       ; 164 (20)            ; 86 (0)                    ; 0           ; 0          ; 0            ; 0       ; 0         ; 77   ; 0            ; 0          ; |FirstDemo                             ; FirstDemo   ; work         ;
;    |Clock_div:clk_1Hz_uut|       ; 54 (54)             ; 26 (26)                   ; 0           ; 0          ; 0            ; 0       ; 0         ; 0    ; 0            ; 0          ; |FirstDemo|Clock_div:clk_1Hz_uut       ; Clock_div   ; work         ;
;    |Color_led:Color_led_uut|     ; 6 (6)               ; 6 (6)                     ; 0           ; 0          ; 0            ; 0       ; 0         ; 0    ; 0            ; 0          ; |FirstDemo|Color_led:Color_led_uut     ; Color_led   ; work         ;
;    |Debounce:Debounce_uut|       ; 34 (34)             ; 29 (29)                   ; 0           ; 0          ; 0            ; 0       ; 0         ; 0    ; 0            ; 0          ; |FirstDemo|Debounce:Debounce_uut       ; Debounce    ; work         ;
;    |Heart_beat:Heart_beat_uut|   ; 7 (7)               ; 4 (4)                     ; 0           ; 0          ; 0            ; 0       ; 0         ; 0    ; 0            ; 0          ; |FirstDemo|Heart_beat:Heart_beat_uut   ; Heart_beat  ; work         ;
;    |Lightness:Lightness_uut|     ; 28 (28)             ; 13 (13)                   ; 0           ; 0          ; 0            ; 0       ; 0         ; 0    ; 0            ; 0          ; |FirstDemo|Lightness:Lightness_uut     ; Lightness   ; work         ;
;    |Segment_led:Segment_led_uut| ; 7 (7)               ; 0 (0)                     ; 0           ; 0          ; 0            ; 0       ; 0         ; 0    ; 0            ; 0          ; |FirstDemo|Segment_led:Segment_led_uut ; Segment_led ; work         ;
;    |Water_led:Water_led_uut|     ; 8 (8)               ; 8 (8)                     ; 0           ; 0          ; 0            ; 0       ; 0         ; 0    ; 0            ; 0          ; |FirstDemo|Water_led:Water_led_uut     ; Water_led   ; work         ;
+----------------------------------+---------------------+---------------------------+-------------+------------+--------------+---------+-----------+------+--------------+------------+----------------------------------------+-------------+--------------+
Note: For table entries with two numbers listed, the numbers in parentheses indicate the number of resources of the given type used by the specific entity alone. The numbers listed outside of parentheses indicate the total resources of the given type used by the specific entity and all of its sub-entities in the hierarchy.


+----------------------------------------------------------------------------------+
; Registers Removed During Synthesis                                               ;
+-----------------------------------------+----------------------------------------+
; Register name                           ; Reason for Removal                     ;
+-----------------------------------------+----------------------------------------+
; Segment_led:Segment_led_uut|mem~0       ; Stuck at GND due to stuck port clock   ;
; Segment_led:Segment_led_uut|mem~1       ; Stuck at GND due to stuck port clock   ;
; Segment_led:Segment_led_uut|mem~2       ; Stuck at GND due to stuck port clock   ;
; Segment_led:Segment_led_uut|mem~3       ; Stuck at GND due to stuck port clock   ;
; Segment_led:Segment_led_uut|mem~4       ; Stuck at GND due to stuck port clock   ;
; Segment_led:Segment_led_uut|mem~5       ; Stuck at GND due to stuck port clock   ;
; Segment_led:Segment_led_uut|mem~6       ; Stuck at GND due to stuck port clock   ;
; Segment_led:Segment_led_uut|mem~7       ; Stuck at GND due to stuck port clock   ;
; Segment_led:Segment_led_uut|mem~8       ; Stuck at GND due to stuck port clock   ;
; Segment_led:Segment_led_uut|mem~9       ; Stuck at GND due to stuck port clock   ;
; Segment_led:Segment_led_uut|mem~10      ; Stuck at GND due to stuck port clock   ;
; Segment_led:Segment_led_uut|mem~11      ; Stuck at GND due to stuck port clock   ;
; Segment_led:Segment_led_uut|mem~12      ; Stuck at GND due to stuck port clock   ;
; Segment_led:Segment_led_uut|mem~13      ; Stuck at GND due to stuck port clock   ;
; Segment_led:Segment_led_uut|mem~14      ; Stuck at GND due to stuck port clock   ;
; Segment_led:Segment_led_uut|mem~15      ; Stuck at GND due to stuck port clock   ;
; Segment_led:Segment_led_uut|mem~16      ; Stuck at GND due to stuck port clock   ;
; Segment_led:Segment_led_uut|mem~17      ; Stuck at GND due to stuck port clock   ;
; Segment_led:Segment_led_uut|mem~18      ; Stuck at GND due to stuck port clock   ;
; Segment_led:Segment_led_uut|mem~19      ; Stuck at GND due to stuck port clock   ;
; Segment_led:Segment_led_uut|mem~20      ; Stuck at GND due to stuck port clock   ;
; Segment_led:Segment_led_uut|mem~21      ; Stuck at GND due to stuck port clock   ;
; Segment_led:Segment_led_uut|mem~22      ; Stuck at GND due to stuck port clock   ;
; Segment_led:Segment_led_uut|mem~23      ; Stuck at GND due to stuck port clock   ;
; Segment_led:Segment_led_uut|mem~24      ; Stuck at GND due to stuck port clock   ;
; Segment_led:Segment_led_uut|mem~25      ; Stuck at GND due to stuck port clock   ;
; Segment_led:Segment_led_uut|mem~26      ; Stuck at GND due to stuck port clock   ;
; Segment_led:Segment_led_uut|mem~27      ; Stuck at GND due to stuck port clock   ;
; Segment_led:Segment_led_uut|mem~28      ; Stuck at GND due to stuck port clock   ;
; Segment_led:Segment_led_uut|mem~29      ; Stuck at GND due to stuck port clock   ;
; Segment_led:Segment_led_uut|mem~30      ; Stuck at GND due to stuck port clock   ;
; Segment_led:Segment_led_uut|mem~31      ; Stuck at GND due to stuck port clock   ;
; Segment_led:Segment_led_uut|mem~32      ; Stuck at GND due to stuck port clock   ;
; Segment_led:Segment_led_uut|mem~33      ; Stuck at GND due to stuck port clock   ;
; Segment_led:Segment_led_uut|mem~34      ; Stuck at GND due to stuck port clock   ;
; Segment_led:Segment_led_uut|mem~35      ; Stuck at GND due to stuck port clock   ;
; Segment_led:Segment_led_uut|mem~36      ; Stuck at GND due to stuck port clock   ;
; Segment_led:Segment_led_uut|mem~37      ; Stuck at GND due to stuck port clock   ;
; Segment_led:Segment_led_uut|mem~38      ; Stuck at GND due to stuck port clock   ;
; Segment_led:Segment_led_uut|mem~39      ; Stuck at GND due to stuck port clock   ;
; Segment_led:Segment_led_uut|mem~40      ; Stuck at GND due to stuck port clock   ;
; Segment_led:Segment_led_uut|mem~41      ; Stuck at GND due to stuck port clock   ;
; Segment_led:Segment_led_uut|mem~42      ; Stuck at GND due to stuck port clock   ;
; Segment_led:Segment_led_uut|mem~43      ; Stuck at GND due to stuck port clock   ;
; Segment_led:Segment_led_uut|mem~44      ; Stuck at GND due to stuck port clock   ;
; Segment_led:Segment_led_uut|mem~45      ; Stuck at GND due to stuck port clock   ;
; Segment_led:Segment_led_uut|mem~46      ; Stuck at GND due to stuck port clock   ;
; Segment_led:Segment_led_uut|mem~47      ; Stuck at GND due to stuck port clock   ;
; Segment_led:Segment_led_uut|mem~48      ; Stuck at GND due to stuck port clock   ;
; Segment_led:Segment_led_uut|mem~49      ; Stuck at GND due to stuck port clock   ;
; Segment_led:Segment_led_uut|mem~50      ; Stuck at GND due to stuck port clock   ;
; Segment_led:Segment_led_uut|mem~51      ; Stuck at GND due to stuck port clock   ;
; Segment_led:Segment_led_uut|mem~52      ; Stuck at GND due to stuck port clock   ;
; Segment_led:Segment_led_uut|mem~53      ; Stuck at GND due to stuck port clock   ;
; Segment_led:Segment_led_uut|mem~54      ; Stuck at GND due to stuck port clock   ;
; Segment_led:Segment_led_uut|mem~55      ; Stuck at GND due to stuck port clock   ;
; Segment_led:Segment_led_uut|mem~56      ; Stuck at GND due to stuck port clock   ;
; Segment_led:Segment_led_uut|mem~57      ; Stuck at GND due to stuck port clock   ;
; Segment_led:Segment_led_uut|mem~58      ; Stuck at GND due to stuck port clock   ;
; Segment_led:Segment_led_uut|mem~59      ; Stuck at GND due to stuck port clock   ;
; Segment_led:Segment_led_uut|mem~60      ; Stuck at GND due to stuck port clock   ;
; Segment_led:Segment_led_uut|mem~61      ; Stuck at GND due to stuck port clock   ;
; Segment_led:Segment_led_uut|mem~62      ; Stuck at GND due to stuck port clock   ;
; Segment_led:Segment_led_uut|mem~63      ; Stuck at GND due to stuck port clock   ;
; Segment_led:Segment_led_uut|mem~64      ; Stuck at GND due to stuck port clock   ;
; Segment_led:Segment_led_uut|mem~65      ; Stuck at GND due to stuck port clock   ;
; Segment_led:Segment_led_uut|mem~66      ; Stuck at GND due to stuck port clock   ;
; Segment_led:Segment_led_uut|mem~67      ; Stuck at GND due to stuck port clock   ;
; Segment_led:Segment_led_uut|mem~68      ; Stuck at GND due to stuck port clock   ;
; Segment_led:Segment_led_uut|mem~69      ; Stuck at GND due to stuck port clock   ;
; Segment_led:Segment_led_uut|mem~70      ; Stuck at GND due to stuck port clock   ;
; Segment_led:Segment_led_uut|mem~71      ; Stuck at GND due to stuck port clock   ;
; Segment_led:Segment_led_uut|mem~72      ; Stuck at GND due to stuck port clock   ;
; Segment_led:Segment_led_uut|mem~73      ; Stuck at GND due to stuck port clock   ;
; Segment_led:Segment_led_uut|mem~74      ; Stuck at GND due to stuck port clock   ;
; Segment_led:Segment_led_uut|mem~75      ; Stuck at GND due to stuck port clock   ;
; Segment_led:Segment_led_uut|mem~76      ; Stuck at GND due to stuck port clock   ;
; Segment_led:Segment_led_uut|mem~77      ; Stuck at GND due to stuck port clock   ;
; Segment_led:Segment_led_uut|mem~78      ; Stuck at GND due to stuck port clock   ;
; Segment_led:Segment_led_uut|mem~79      ; Stuck at GND due to stuck port clock   ;
; Segment_led:Segment_led_uut|mem~80      ; Stuck at GND due to stuck port clock   ;
; Segment_led:Segment_led_uut|mem~81      ; Stuck at GND due to stuck port clock   ;
; Segment_led:Segment_led_uut|mem~82      ; Stuck at GND due to stuck port clock   ;
; Segment_led:Segment_led_uut|mem~83      ; Stuck at GND due to stuck port clock   ;
; Segment_led:Segment_led_uut|mem~84      ; Stuck at GND due to stuck port clock   ;
; Segment_led:Segment_led_uut|mem~85      ; Stuck at GND due to stuck port clock   ;
; Segment_led:Segment_led_uut|mem~86      ; Stuck at GND due to stuck port clock   ;
; Segment_led:Segment_led_uut|mem~87      ; Stuck at GND due to stuck port clock   ;
; Segment_led:Segment_led_uut|mem~88      ; Stuck at GND due to stuck port clock   ;
; Segment_led:Segment_led_uut|mem~89      ; Stuck at GND due to stuck port clock   ;
; Segment_led:Segment_led_uut|mem~90      ; Stuck at GND due to stuck port clock   ;
; Segment_led:Segment_led_uut|mem~91      ; Stuck at GND due to stuck port clock   ;
; Segment_led:Segment_led_uut|mem~92      ; Stuck at GND due to stuck port clock   ;
; Segment_led:Segment_led_uut|mem~93      ; Stuck at GND due to stuck port clock   ;
; Segment_led:Segment_led_uut|mem~94      ; Stuck at GND due to stuck port clock   ;
; Segment_led:Segment_led_uut|mem~95      ; Stuck at GND due to stuck port clock   ;
; Segment_led:Segment_led_uut|mem~96      ; Stuck at GND due to stuck port clock   ;
; Segment_led:Segment_led_uut|mem~97      ; Stuck at GND due to stuck port clock   ;
; Segment_led:Segment_led_uut|mem~98      ; Stuck at GND due to stuck port clock   ;
; Segment_led:Segment_led_uut|mem~99      ; Stuck at GND due to stuck port clock   ;
; Segment_led:Segment_led_uut|mem~100     ; Stuck at GND due to stuck port clock   ;
; Segment_led:Segment_led_uut|mem~101     ; Stuck at GND due to stuck port clock   ;
; Segment_led:Segment_led_uut|mem~102     ; Stuck at GND due to stuck port clock   ;
; Segment_led:Segment_led_uut|mem~103     ; Stuck at GND due to stuck port clock   ;
; Segment_led:Segment_led_uut|mem~104     ; Stuck at GND due to stuck port clock   ;
; Segment_led:Segment_led_uut|mem~105     ; Stuck at GND due to stuck port clock   ;
; Segment_led:Segment_led_uut|mem~106     ; Stuck at GND due to stuck port clock   ;
; Segment_led:Segment_led_uut|mem~107     ; Stuck at GND due to stuck port clock   ;
; Segment_led:Segment_led_uut|mem~108     ; Stuck at GND due to stuck port clock   ;
; Segment_led:Segment_led_uut|mem~109     ; Stuck at GND due to stuck port clock   ;
; Segment_led:Segment_led_uut|mem~110     ; Stuck at GND due to stuck port clock   ;
; Segment_led:Segment_led_uut|mem~111     ; Stuck at GND due to stuck port clock   ;
; Segment_led:Segment_led_uut|mem~112     ; Stuck at GND due to stuck port clock   ;
; Segment_led:Segment_led_uut|mem~113     ; Stuck at GND due to stuck port clock   ;
; Segment_led:Segment_led_uut|mem~114     ; Stuck at GND due to stuck port clock   ;
; Segment_led:Segment_led_uut|mem~115     ; Stuck at GND due to stuck port clock   ;
; Segment_led:Segment_led_uut|mem~116     ; Stuck at GND due to stuck port clock   ;
; Segment_led:Segment_led_uut|mem~117     ; Stuck at GND due to stuck port clock   ;
; Segment_led:Segment_led_uut|mem~118     ; Stuck at GND due to stuck port clock   ;
; Segment_led:Segment_led_uut|mem~119     ; Stuck at GND due to stuck port clock   ;
; Segment_led:Segment_led_uut|mem~120     ; Stuck at GND due to stuck port clock   ;
; Segment_led:Segment_led_uut|mem~121     ; Stuck at GND due to stuck port clock   ;
; Segment_led:Segment_led_uut|mem~122     ; Stuck at GND due to stuck port clock   ;
; Segment_led:Segment_led_uut|mem~123     ; Stuck at GND due to stuck port clock   ;
; Segment_led:Segment_led_uut|mem~124     ; Stuck at GND due to stuck port clock   ;
; Segment_led:Segment_led_uut|mem~125     ; Stuck at GND due to stuck port clock   ;
; Segment_led:Segment_led_uut|mem~126     ; Stuck at GND due to stuck port clock   ;
; Segment_led:Segment_led_uut|mem~127     ; Stuck at GND due to stuck port clock   ;
; Segment_led:Segment_led_uut|mem~128     ; Stuck at GND due to stuck port clock   ;
; Segment_led:Segment_led_uut|mem~129     ; Stuck at GND due to stuck port clock   ;
; Segment_led:Segment_led_uut|mem~130     ; Stuck at GND due to stuck port clock   ;
; Segment_led:Segment_led_uut|mem~131     ; Stuck at GND due to stuck port clock   ;
; Segment_led:Segment_led_uut|mem~132     ; Stuck at GND due to stuck port clock   ;
; Segment_led:Segment_led_uut|mem~133     ; Stuck at GND due to stuck port clock   ;
; Segment_led:Segment_led_uut|mem~134     ; Stuck at GND due to stuck port clock   ;
; Segment_led:Segment_led_uut|mem~135     ; Stuck at GND due to stuck port clock   ;
; Segment_led:Segment_led_uut|mem~136     ; Stuck at GND due to stuck port clock   ;
; Segment_led:Segment_led_uut|mem~137     ; Stuck at GND due to stuck port clock   ;
; Segment_led:Segment_led_uut|mem~138     ; Stuck at GND due to stuck port clock   ;
; Segment_led:Segment_led_uut|mem~139     ; Stuck at GND due to stuck port clock   ;
; Segment_led:Segment_led_uut|mem~140     ; Stuck at GND due to stuck port clock   ;
; Segment_led:Segment_led_uut|mem~141     ; Stuck at GND due to stuck port clock   ;
; Segment_led:Segment_led_uut|mem~142     ; Stuck at GND due to stuck port clock   ;
; Segment_led:Segment_led_uut|mem~143     ; Stuck at GND due to stuck port clock   ;
; Lightness:Lightness_uut|cnt1[3]         ; Stuck at GND due to stuck port data_in ;
; Total Number of Removed Registers = 145 ;                                        ;
+-----------------------------------------+----------------------------------------+


+------------------------------------------------------+
; General Register Statistics                          ;
+----------------------------------------------+-------+
; Statistic                                    ; Value ;
+----------------------------------------------+-------+
; Total registers                              ; 86    ;
; Number of registers using Synchronous Clear  ; 44    ;
; Number of registers using Synchronous Load   ; 3     ;
; Number of registers using Asynchronous Clear ; 86    ;
; Number of registers using Asynchronous Load  ; 0     ;
; Number of registers using Clock Enable       ; 6     ;
; Number of registers using Preset             ; 0     ;
+----------------------------------------------+-------+


+---------------------------------------------------+
; Inverted Register Statistics                      ;
+-----------------------------------------+---------+
; Inverted Register                       ; Fan out ;
+-----------------------------------------+---------+
; Lightness:Lightness_uut|duty[1]         ; 5       ;
; Lightness:Lightness_uut|Lightness_out1  ; 15      ;
; Water_led:Water_led_uut|Water_led[0]    ; 1       ;
; Water_led:Water_led_uut|Water_led[1]    ; 1       ;
; Water_led:Water_led_uut|Water_led[2]    ; 1       ;
; Water_led:Water_led_uut|Water_led[3]    ; 1       ;
; Water_led:Water_led_uut|Water_led[4]    ; 1       ;
; Water_led:Water_led_uut|Water_led[5]    ; 1       ;
; Water_led:Water_led_uut|Water_led[6]    ; 1       ;
; Water_led:Water_led_uut|Water_led[7]    ; 1       ;
; Lightness:Lightness_uut|Lightness_out   ; 7       ;
; Color_led:Color_led_uut|Color_led_1[0]  ; 2       ;
; Color_led:Color_led_uut|Color_led_1[1]  ; 2       ;
; Color_led:Color_led_uut|Color_led_1[2]  ; 2       ;
; Color_led:Color_led_uut|Color_led_2[0]  ; 1       ;
; Color_led:Color_led_uut|Color_led_2[1]  ; 1       ;
; Color_led:Color_led_uut|Color_led_2[2]  ; 1       ;
; Debounce:Debounce_uut|key_state[0]      ; 7       ;
; Debounce:Debounce_uut|low_sw[1]         ; 2       ;
; Debounce:Debounce_uut|low_sw_r[1]       ; 1       ;
; Debounce:Debounce_uut|low_sw[2]         ; 2       ;
; Debounce:Debounce_uut|low_sw_r[2]       ; 1       ;
; Debounce:Debounce_uut|low_sw[0]         ; 2       ;
; Debounce:Debounce_uut|low_sw_r[0]       ; 1       ;
; Debounce:Debounce_uut|key_rst[1]        ; 1       ;
; Debounce:Debounce_uut|key_rst[0]        ; 1       ;
; Debounce:Debounce_uut|key_rst[2]        ; 1       ;
; Total number of inverted registers = 27 ;         ;
+-----------------------------------------+---------+


+---------------------------------------------------------------------------------------------------------------------------+
; Port Connectivity Checks: "Debounce:Debounce_uut"                                                                         ;
+-----------------+--------+----------+-------------------------------------------------------------------------------------+
; Port            ; Type   ; Severity ; Details                                                                             ;
+-----------------+--------+----------+-------------------------------------------------------------------------------------+
; key_pulse[0]    ; Output ; Info     ; Connected to dangling logic. Logic that only feeds a dangling port will be removed. ;
; key_state[2..1] ; Output ; Info     ; Connected to dangling logic. Logic that only feeds a dangling port will be removed. ;
+-----------------+--------+----------+-------------------------------------------------------------------------------------+


+-----------------------------------------------------+
; Post-Synthesis Netlist Statistics for Top Partition ;
+-----------------------+-----------------------------+
; Type                  ; Count                       ;
+-----------------------+-----------------------------+
; boundary_port         ; 77                          ;
; cycloneiii_ff         ; 86                          ;
;     CLR               ; 33                          ;
;     CLR SCLR          ; 44                          ;
;     CLR SLD           ; 3                           ;
;     ENA CLR           ; 6                           ;
; cycloneiii_lcell_comb ; 166                         ;
;     arith             ; 48                          ;
;         2 data inputs ; 44                          ;
;         3 data inputs ; 4                           ;
;     normal            ; 118                         ;
;         0 data inputs ; 1                           ;
;         1 data inputs ; 11                          ;
;         2 data inputs ; 27                          ;
;         3 data inputs ; 23                          ;
;         4 data inputs ; 56                          ;
;                       ;                             ;
; Max LUT depth         ; 7.00                        ;
; Average LUT depth     ; 2.82                        ;
+-----------------------+-----------------------------+


+-------------------------------+
; Elapsed Time Per Partition    ;
+----------------+--------------+
; Partition Name ; Elapsed Time ;
+----------------+--------------+
; Top            ; 00:00:00     ;
+----------------+--------------+


+-------------------------------+
; Analysis & Synthesis Messages ;
+-------------------------------+
Info: *******************************************************************
Info: Running Quartus Prime Analysis & Synthesis
    Info: Version 18.1.0 Build 625 09/12/2018 SJ Lite Edition
    Info: Processing started: Wed Jun 26 13:28:21 2019
Info: Command: quartus_map --read_settings_files=on --write_settings_files=off FirstDemo -c FirstDemo
Warning (18236): Number of processors has not been specified which may cause overloading on shared machines.  Set the global assignment NUM_PARALLEL_PROCESSORS in your QSF to an appropriate value for best performance.
Info (20030): Parallel compilation is enabled and will use 4 of the 4 processors detected
Info (12021): Found 1 design units, including 1 entities, in source file /users/pc/desktop/for step fpga/step fpga user manual/max10/firstdemo - max10m02scm153c8g/source/water_led.v
    Info (12023): Found entity 1: Water_led File: C:/Users/PC/Desktop/FOR STEP FPGA/step fpga user manual/MAX10/FirstDemo - MAX10M02SCM153C8G/source/Water_led.v Line: 18
Info (12021): Found 1 design units, including 1 entities, in source file /users/pc/desktop/for step fpga/step fpga user manual/max10/firstdemo - max10m02scm153c8g/source/segment_led.v
    Info (12023): Found entity 1: Segment_led File: C:/Users/PC/Desktop/FOR STEP FPGA/step fpga user manual/MAX10/FirstDemo - MAX10M02SCM153C8G/source/Segment_led.v Line: 18
Info (12021): Found 1 design units, including 1 entities, in source file /users/pc/desktop/for step fpga/step fpga user manual/max10/firstdemo - max10m02scm153c8g/source/lightness.v
    Info (12023): Found entity 1: Lightness File: C:/Users/PC/Desktop/FOR STEP FPGA/step fpga user manual/MAX10/FirstDemo - MAX10M02SCM153C8G/source/Lightness.v Line: 18
Info (12021): Found 1 design units, including 1 entities, in source file /users/pc/desktop/for step fpga/step fpga user manual/max10/firstdemo - max10m02scm153c8g/source/heart_beat.v
    Info (12023): Found entity 1: Heart_beat File: C:/Users/PC/Desktop/FOR STEP FPGA/step fpga user manual/MAX10/FirstDemo - MAX10M02SCM153C8G/source/Heart_beat.v Line: 18
Info (12021): Found 1 design units, including 1 entities, in source file /users/pc/desktop/for step fpga/step fpga user manual/max10/firstdemo - max10m02scm153c8g/source/firstdemo.v
    Info (12023): Found entity 1: FirstDemo File: C:/Users/PC/Desktop/FOR STEP FPGA/step fpga user manual/MAX10/FirstDemo - MAX10M02SCM153C8G/source/FirstDemo.v Line: 18
Info (12021): Found 1 design units, including 1 entities, in source file /users/pc/desktop/for step fpga/step fpga user manual/max10/firstdemo - max10m02scm153c8g/source/debounce.v
    Info (12023): Found entity 1: Debounce File: C:/Users/PC/Desktop/FOR STEP FPGA/step fpga user manual/MAX10/FirstDemo - MAX10M02SCM153C8G/source/Debounce.v Line: 18
Info (12021): Found 1 design units, including 1 entities, in source file /users/pc/desktop/for step fpga/step fpga user manual/max10/firstdemo - max10m02scm153c8g/source/color_led.v
    Info (12023): Found entity 1: Color_led File: C:/Users/PC/Desktop/FOR STEP FPGA/step fpga user manual/MAX10/FirstDemo - MAX10M02SCM153C8G/source/Color_led.v Line: 18
Info (12021): Found 1 design units, including 1 entities, in source file /users/pc/desktop/for step fpga/step fpga user manual/max10/firstdemo - max10m02scm153c8g/source/clock_div.v
    Info (12023): Found entity 1: Clock_div File: C:/Users/PC/Desktop/FOR STEP FPGA/step fpga user manual/MAX10/FirstDemo - MAX10M02SCM153C8G/source/Clock_div.v Line: 9
Info (12127): Elaborating entity "FirstDemo" for the top level hierarchy
Info (12128): Elaborating entity "Debounce" for hierarchy "Debounce:Debounce_uut" File: C:/Users/PC/Desktop/FOR STEP FPGA/step fpga user manual/MAX10/FirstDemo - MAX10M02SCM153C8G/source/FirstDemo.v Line: 43
Warning (10230): Verilog HDL assignment warning at Debounce.v(33): truncated value with size 32 to match size of target (1) File: C:/Users/PC/Desktop/FOR STEP FPGA/step fpga user manual/MAX10/FirstDemo - MAX10M02SCM153C8G/source/Debounce.v Line: 33
Info (12128): Elaborating entity "Clock_div" for hierarchy "Clock_div:clk_1Hz_uut" File: C:/Users/PC/Desktop/FOR STEP FPGA/step fpga user manual/MAX10/FirstDemo - MAX10M02SCM153C8G/source/FirstDemo.v Line: 52
Warning (10230): Verilog HDL assignment warning at Clock_div.v(40): truncated value with size 32 to match size of target (25) File: C:/Users/PC/Desktop/FOR STEP FPGA/step fpga user manual/MAX10/FirstDemo - MAX10M02SCM153C8G/source/Clock_div.v Line: 40
Info (12128): Elaborating entity "Lightness" for hierarchy "Lightness:Lightness_uut" File: C:/Users/PC/Desktop/FOR STEP FPGA/step fpga user manual/MAX10/FirstDemo - MAX10M02SCM153C8G/source/FirstDemo.v Line: 64
Warning (10230): Verilog HDL assignment warning at Lightness.v(37): truncated value with size 32 to match size of target (4) File: C:/Users/PC/Desktop/FOR STEP FPGA/step fpga user manual/MAX10/FirstDemo - MAX10M02SCM153C8G/source/Lightness.v Line: 37
Warning (10230): Verilog HDL assignment warning at Lightness.v(38): truncated value with size 32 to match size of target (4) File: C:/Users/PC/Desktop/FOR STEP FPGA/step fpga user manual/MAX10/FirstDemo - MAX10M02SCM153C8G/source/Lightness.v Line: 38
Warning (10230): Verilog HDL assignment warning at Lightness.v(39): truncated value with size 32 to match size of target (4) File: C:/Users/PC/Desktop/FOR STEP FPGA/step fpga user manual/MAX10/FirstDemo - MAX10M02SCM153C8G/source/Lightness.v Line: 39
Warning (10230): Verilog HDL assignment warning at Lightness.v(40): truncated value with size 32 to match size of target (4) File: C:/Users/PC/Desktop/FOR STEP FPGA/step fpga user manual/MAX10/FirstDemo - MAX10M02SCM153C8G/source/Lightness.v Line: 40
Warning (10230): Verilog HDL assignment warning at Lightness.v(41): truncated value with size 32 to match size of target (4) File: C:/Users/PC/Desktop/FOR STEP FPGA/step fpga user manual/MAX10/FirstDemo - MAX10M02SCM153C8G/source/Lightness.v Line: 41
Warning (10230): Verilog HDL assignment warning at Lightness.v(42): truncated value with size 32 to match size of target (4) File: C:/Users/PC/Desktop/FOR STEP FPGA/step fpga user manual/MAX10/FirstDemo - MAX10M02SCM153C8G/source/Lightness.v Line: 42
Warning (10230): Verilog HDL assignment warning at Lightness.v(43): truncated value with size 32 to match size of target (4) File: C:/Users/PC/Desktop/FOR STEP FPGA/step fpga user manual/MAX10/FirstDemo - MAX10M02SCM153C8G/source/Lightness.v Line: 43
Warning (10230): Verilog HDL assignment warning at Lightness.v(44): truncated value with size 32 to match size of target (4) File: C:/Users/PC/Desktop/FOR STEP FPGA/step fpga user manual/MAX10/FirstDemo - MAX10M02SCM153C8G/source/Lightness.v Line: 44
Warning (10230): Verilog HDL assignment warning at Lightness.v(45): truncated value with size 32 to match size of target (4) File: C:/Users/PC/Desktop/FOR STEP FPGA/step fpga user manual/MAX10/FirstDemo - MAX10M02SCM153C8G/source/Lightness.v Line: 45
Info (12128): Elaborating entity "Heart_beat" for hierarchy "Heart_beat:Heart_beat_uut" File: C:/Users/PC/Desktop/FOR STEP FPGA/step fpga user manual/MAX10/FirstDemo - MAX10M02SCM153C8G/source/FirstDemo.v Line: 73
Info (12128): Elaborating entity "Water_led" for hierarchy "Water_led:Water_led_uut" File: C:/Users/PC/Desktop/FOR STEP FPGA/step fpga user manual/MAX10/FirstDemo - MAX10M02SCM153C8G/source/FirstDemo.v Line: 82
Info (12128): Elaborating entity "Color_led" for hierarchy "Color_led:Color_led_uut" File: C:/Users/PC/Desktop/FOR STEP FPGA/step fpga user manual/MAX10/FirstDemo - MAX10M02SCM153C8G/source/FirstDemo.v Line: 93
Info (12128): Elaborating entity "Segment_led" for hierarchy "Segment_led:Segment_led_uut" File: C:/Users/PC/Desktop/FOR STEP FPGA/step fpga user manual/MAX10/FirstDemo - MAX10M02SCM153C8G/source/FirstDemo.v Line: 102
Warning (10030): Net "mem.data_a" at Segment_led.v(25) has no driver or initial value, using a default initial value '0' File: C:/Users/PC/Desktop/FOR STEP FPGA/step fpga user manual/MAX10/FirstDemo - MAX10M02SCM153C8G/source/Segment_led.v Line: 25
Warning (10030): Net "mem.waddr_a" at Segment_led.v(25) has no driver or initial value, using a default initial value '0' File: C:/Users/PC/Desktop/FOR STEP FPGA/step fpga user manual/MAX10/FirstDemo - MAX10M02SCM153C8G/source/Segment_led.v Line: 25
Warning (10030): Net "mem.we_a" at Segment_led.v(25) has no driver or initial value, using a default initial value '0' File: C:/Users/PC/Desktop/FOR STEP FPGA/step fpga user manual/MAX10/FirstDemo - MAX10M02SCM153C8G/source/Segment_led.v Line: 25
Info (276014): Found 1 instances of uninferred RAM logic
    Info (276013): RAM logic "Segment_led:Segment_led_uut|mem" is uninferred because MIF is not supported for the selected family File: C:/Users/PC/Desktop/FOR STEP FPGA/step fpga user manual/MAX10/FirstDemo - MAX10M02SCM153C8G/source/Segment_led.v Line: 25
Info (13000): Registers with preset signals will power-up high File: C:/Users/PC/Desktop/FOR STEP FPGA/step fpga user manual/MAX10/FirstDemo - MAX10M02SCM153C8G/source/Lightness.v Line: 27
Info (13003): DEV_CLRn pin will set, and not reset, register with preset signal due to NOT Gate Push-Back
Warning (13024): Output pins are stuck at VCC or GND
    Warning (13410): Pin "Segment_led_1[7]" is stuck at GND File: C:/Users/PC/Desktop/FOR STEP FPGA/step fpga user manual/MAX10/FirstDemo - MAX10M02SCM153C8G/source/FirstDemo.v Line: 27
    Warning (13410): Pin "Segment_led_1[8]" is stuck at GND File: C:/Users/PC/Desktop/FOR STEP FPGA/step fpga user manual/MAX10/FirstDemo - MAX10M02SCM153C8G/source/FirstDemo.v Line: 27
    Warning (13410): Pin "Segment_led_2[7]" is stuck at GND File: C:/Users/PC/Desktop/FOR STEP FPGA/step fpga user manual/MAX10/FirstDemo - MAX10M02SCM153C8G/source/FirstDemo.v Line: 28
    Warning (13410): Pin "Segment_led_2[8]" is stuck at GND File: C:/Users/PC/Desktop/FOR STEP FPGA/step fpga user manual/MAX10/FirstDemo - MAX10M02SCM153C8G/source/FirstDemo.v Line: 28
Info (286030): Timing-Driven Synthesis is running
Info (16010): Generating hard_block partition "hard_block:auto_generated_inst"
    Info (16011): Adding 0 node(s), including 0 DDIO, 0 PLL, 0 transceiver and 0 LCELL
Info (21057): Implemented 244 device resources after synthesis - the final resource count might be different
    Info (21058): Implemented 9 input pins
    Info (21059): Implemented 68 output pins
    Info (21061): Implemented 167 logic cells
Info: Quartus Prime Analysis & Synthesis was successful. 0 errors, 20 warnings
    Info: Peak virtual memory: 4805 megabytes
    Info: Processing ended: Wed Jun 26 13:28:33 2019
    Info: Elapsed time: 00:00:12
    Info: Total CPU time (on all processors): 00:00:23


