PowerPlay Power Analyzer report for MAX10_V21_Code
Mon Nov 21 17:38:47 2016
Quartus II 64-Bit Version 15.0.0 Build 145 04/22/2015 SJ Full Version


---------------------
; Table of Contents ;
---------------------
  1. Legal Notice
  2. Parallel Compilation
  3. PowerPlay Power Analyzer Summary
  4. PowerPlay Power Analyzer Settings
  5. Indeterminate Toggle Rates
  6. Operating Conditions Used
  7. Thermal Power Dissipation by Block
  8. Thermal Power Dissipation by Block Type
  9. Thermal Power Dissipation by Hierarchy
 10. Core Dynamic Thermal Power Dissipation by Clock Domain
 11. Current Drawn from Voltage Supplies Summary
 12. VCCIO Supply Current Drawn by I/O Bank
 13. VCCIO Supply Current Drawn by Voltage
 14. Confidence Metric Details
 15. Signal Activities
 16. PowerPlay Power Analyzer Messages



----------------
; Legal Notice ;
----------------
Copyright (C) 1991-2015 Altera Corporation. All rights reserved.
Your use of Altera Corporation's design tools, logic functions 
and other software and tools, and its AMPP partner logic 
functions, and any output files from any of the foregoing 
(including device programming or simulation files), and any 
associated documentation or information are expressly subject 
to the terms and conditions of the Altera Program License 
Subscription Agreement, the Altera Quartus II License Agreement,
the Altera MegaCore Function License Agreement, or other 
applicable license agreement, including, without limitation, 
that your use is for the sole purpose of programming logic 
devices manufactured by Altera and sold by Altera or its 
authorized distributors.  Please refer to the applicable 
agreement for further details.



+------------------------------------------+
; Parallel Compilation                     ;
+----------------------------+-------------+
; Processors                 ; Number      ;
+----------------------------+-------------+
; Number detected on machine ; 4           ;
; Maximum allowed            ; 2           ;
;                            ;             ;
; Average used               ; 1.00        ;
; Maximum used               ; 2           ;
;                            ;             ;
; Usage by Processor         ; % Time Used ;
;     Processor 1            ; 100.0%      ;
;     Processor 2            ; < 0.1%      ;
;     Processors 3-4         ;   0.0%      ;
+----------------------------+-------------+


+-------------------------------------------------------------------------------------------+
; PowerPlay Power Analyzer Summary                                                          ;
+----------------------------------------+--------------------------------------------------+
; PowerPlay Power Analyzer Status        ; Successful - Mon Nov 21 17:38:47 2016            ;
; Quartus II 64-Bit Version              ; 15.0.0 Build 145 04/22/2015 SJ Full Version      ;
; Revision Name                          ; MAX10_V21_Code                                   ;
; Top-level Entity Name                  ; MAX10_V21_Code                                   ;
; Family                                 ; MAX 10                                           ;
; Device                                 ; 10M02SCM153I7G                                   ;
; Power Models                           ; Preliminary                                      ;
; Total Thermal Power Dissipation        ; 1974.55 mW                                       ;
; Core Dynamic Thermal Power Dissipation ; 0.00 mW                                          ;
; Core Static Thermal Power Dissipation  ; 234.97 mW                                        ;
; I/O Thermal Power Dissipation          ; 1739.58 mW                                       ;
; Power Estimation Confidence            ; Low: user provided insufficient toggle rate data ;
+----------------------------------------+--------------------------------------------------+


+------------------------------------------------------------------------------------------------------+
; PowerPlay Power Analyzer Settings                                                                    ;
+----------------------------------------------------------------------------+---------+---------------+
; Option                                                                     ; Setting ; Default Value ;
+----------------------------------------------------------------------------+---------+---------------+
; Use smart compilation                                                      ; Off     ; Off           ;
; Enable parallel Assembler and TimeQuest Timing Analyzer during compilation ; On      ; On            ;
; Enable compact report table                                                ; Off     ; Off           ;
; Default Power Toggle Rate                                                  ; 12.5%   ; 12.5%         ;
; Default Power Input I/O Toggle Rate                                        ; 12.5%   ; 12.5%         ;
; Use vectorless estimation                                                  ; On      ; On            ;
; Use Input Files                                                            ; Off     ; Off           ;
; Filter Glitches in VCD File Reader                                         ; On      ; On            ;
; Power Analyzer Report Signal Activity                                      ; Off     ; Off           ;
; Power Analyzer Report Power Dissipation                                    ; Off     ; Off           ;
; Device Power Characteristics                                               ; TYPICAL ; TYPICAL       ;
; Automatically Compute Junction Temperature                                 ; On      ; On            ;
; Specified Junction Temperature                                             ; 25      ; 25            ;
; Ambient Temperature                                                        ; 25      ; 25            ;
; Use Custom Cooling Solution                                                ; Off     ; Off           ;
; Board Temperature                                                          ; 25      ; 25            ;
+----------------------------------------------------------------------------+---------+---------------+


+-------------------------------------------------------------------------------+
; Indeterminate Toggle Rates                                                    ;
+-------------------------------------------------+-----------------------------+
; Node                                            ; Reason                      ;
+-------------------------------------------------+-----------------------------+
; clk_in                                          ; No valid clock domain found ;
; rst_n_in                                        ; No valid clock domain found ;
; SW[0]                                           ; No valid clock domain found ;
; SW[1]                                           ; No valid clock domain found ;
; SW[2]                                           ; No valid clock domain found ;
; SW[3]                                           ; No valid clock domain found ;
; BTN[1]                                          ; No valid clock domain found ;
; BTN[2]                                          ; No valid clock domain found ;
; BTN[0]                                          ; No valid clock domain found ;
; clk_in~inputclkctrl                             ; No valid clock domain found ;
; Clock_div:clk_1Hz_uut|clk_div_pulse_out~clkctrl ; No valid clock domain found ;
+-------------------------------------------------+-----------------------------+


+--------------------------------------------------------------------------+
; Operating Conditions Used                                                ;
+---------------------------------------------+----------------------------+
; Setting                                     ; Value                      ;
+---------------------------------------------+----------------------------+
; Device power characteristics                ; Typical                    ;
;                                             ;                            ;
; Voltages                                    ;                            ;
;     VCCA                                    ; 3.00 V                     ;
;     VCC_ONE                                 ; 3.00 V                     ;
;     3.3-V LVTTL I/O Standard                ; 3.3 V                      ;
;     3.3 V Schmitt Trigger I/O Standard      ; 3.3 V                      ;
;                                             ;                            ;
; Auto computed junction temperature          ; 84.2 degrees Celsius       ;
;     Ambient temperature                     ; 25.0 degrees Celsius       ;
;     Junction-to-Case thermal resistance     ; 15.60 degrees Celsius/Watt ;
;     Case-to-Heat Sink thermal resistance    ; 0.10 degrees Celsius/Watt  ;
;     Heat Sink-to-Ambient thermal resistance ; 14.30 degrees Celsius/Watt ;
;                                             ;                            ;
; Board model used                            ; None                       ;
+---------------------------------------------+----------------------------+


+----------------------------------------------------------------------------------------------------------------------------------------------+
; Thermal Power Dissipation by Block                                                                                                           ;
+------------+------------+---------------------+-----------------------------+--------------------------------+-------------------------------+
; Block Name ; Block Type ; Total Thermal Power ; Block Thermal Dynamic Power ; Block Thermal Static Power (1) ; Routing Thermal Dynamic Power ;
+------------+------------+---------------------+-----------------------------+--------------------------------+-------------------------------+
(1) The "Thermal Power Dissipation by Block" Table has been hidden. To show this table, please select the "Write power dissipation by block to report file" option under "PowerPlay Power Analyzer Settings".


+--------------------------------------------------------------------------------------------------------------------------------------------------------------------------------------------------------------------+
; Thermal Power Dissipation by Block Type                                                                                                                                                                            ;
+---------------------+-----------------------------------+-----------------------------+--------------------------------+-------------------------------+-----------------------------------------------------------+
; Block Type          ; Total Thermal Power by Block Type ; Block Thermal Dynamic Power ; Block Thermal Static Power (1) ; Routing Thermal Dynamic Power ; Block Average Toggle Rate (millions of transitions / sec) ;
+---------------------+-----------------------------------+-----------------------------+--------------------------------+-------------------------------+-----------------------------------------------------------+
; Combinational cell  ; 0.00 mW                           ; 0.00 mW                     ; --                             ; 0.00 mW                       ;    0.000                                                  ;
; Clock control block ; 0.00 mW                           ; 0.00 mW                     ; --                             ; 0.00 mW                       ;    0.000                                                  ;
; User Flash Memory   ; 0.00 mW                           ; 0.00 mW                     ; --                             ; 0.00 mW                       ;    0.000                                                  ;
; Register cell       ; 0.00 mW                           ; 0.00 mW                     ; --                             ; 0.00 mW                       ;    0.000                                                  ;
; I/O                 ; 1658.52 mW                        ; 0.00 mW                     ; 1658.52 mW                     ; 0.00 mW                       ;    0.000                                                  ;
; Voltage Regulator   ; 159.94 mW                         ; 0.00 mW                     ; 159.94 mW                      ; --                            ; --                                                        ;
+---------------------+-----------------------------------+-----------------------------+--------------------------------+-------------------------------+-----------------------------------------------------------+
(1) The "Block Thermal Static Power" for all block types except Pins and the Voltage Regulator, if one exists, is part of the "Core Static Thermal Power Dissipation" value found on the PowerPlay Power Analyzer-->Summary report panel. The "Core Static Thermal Power Dissipation" also contains the thermal static power dissipated by the routing.


+---------------------------------------------------------------------------------------------------------------------------------------------------------------------------------------------------------------------------------------+
; Thermal Power Dissipation by Hierarchy                                                                                                                                                                                                ;
+-------------------------------------+--------------------------------------+---------------------------------+-----------------------------------+-----------------------------------+------------------------------------------------+
; Compilation Hierarchy Node          ; Total Thermal Power by Hierarchy (1) ; Block Thermal Dynamic Power (1) ; Block Thermal Static Power (1)(2) ; Routing Thermal Dynamic Power (1) ; Full Hierarchy Name                            ;
+-------------------------------------+--------------------------------------+---------------------------------+-----------------------------------+-----------------------------------+------------------------------------------------+
; |MAX10_V21_Code                     ; 1818.46 mW (1818.46 mW)              ; 0.00 mW (0.00 mW)               ; 1818.46 mW (1818.46 mW)           ; 0.00 mW (0.00 mW)                 ; |MAX10_V21_Code                                ;
;     |Color_led:Color_led_uut        ; 0.00 mW (0.00 mW)                    ; 0.00 mW (0.00 mW)               ; --                                ; 0.00 mW (0.00 mW)                 ; |MAX10_V21_Code|Color_led:Color_led_uut        ;
;     |Debounce:Debounce_uut          ; 0.00 mW (0.00 mW)                    ; 0.00 mW (0.00 mW)               ; --                                ; 0.00 mW (0.00 mW)                 ; |MAX10_V21_Code|Debounce:Debounce_uut          ;
;     |Heart_beat:Heart_beat_uut      ; 0.00 mW (0.00 mW)                    ; 0.00 mW (0.00 mW)               ; --                                ; 0.00 mW (0.00 mW)                 ; |MAX10_V21_Code|Heart_beat:Heart_beat_uut      ;
;     |Lightness:Lightness_uut        ; 0.00 mW (0.00 mW)                    ; 0.00 mW (0.00 mW)               ; --                                ; 0.00 mW (0.00 mW)                 ; |MAX10_V21_Code|Lightness:Lightness_uut        ;
;     |Segment_led:Segment_led_uut    ; 0.00 mW (0.00 mW)                    ; 0.00 mW (0.00 mW)               ; --                                ; 0.00 mW (0.00 mW)                 ; |MAX10_V21_Code|Segment_led:Segment_led_uut    ;
;     |Water_led:Water_led_uut        ; 0.00 mW (0.00 mW)                    ; 0.00 mW (0.00 mW)               ; --                                ; 0.00 mW (0.00 mW)                 ; |MAX10_V21_Code|Water_led:Water_led_uut        ;
;     |hard_block:auto_generated_inst ; 0.00 mW (0.00 mW)                    ; 0.00 mW (0.00 mW)               ; --                                ; 0.00 mW (0.00 mW)                 ; |MAX10_V21_Code|hard_block:auto_generated_inst ;
;     |Clock_div:clk_1Hz_uut          ; 0.00 mW (0.00 mW)                    ; 0.00 mW (0.00 mW)               ; --                                ; 0.00 mW (0.00 mW)                 ; |MAX10_V21_Code|Clock_div:clk_1Hz_uut          ;
+-------------------------------------+--------------------------------------+---------------------------------+-----------------------------------+-----------------------------------+------------------------------------------------+
(1) Value in parentheses is the power consumed at that level of hierarchy. Value not in parentheses is the power consumed at that level of hierarchy plus the power consumed by all levels of hierarchy below it.

(2) The "Block Thermal Static Power" for all levels of hierarchy except the top-level hierarchy is part of the "Core Static Thermal Power Dissipation" value found on the PowerPlay Power Analyzer-->Summary report panel. The "Core Static Thermal Power Dissipation" also contains the thermal static power dissipated by the routing.


+--------------------------------------------------------------------+
; Core Dynamic Thermal Power Dissipation by Clock Domain             ;
+-----------------+-----------------------+--------------------------+
; Clock Domain    ; Clock Frequency (MHz) ; Total Core Dynamic Power ;
+-----------------+-----------------------+--------------------------+
; No clock domain ; 0.00                  ; 0.00                     ;
+-----------------+-----------------------+--------------------------+


+------------------------------------------------------------------------------------------------------------------------------------+
; Current Drawn from Voltage Supplies Summary                                                                                        ;
+----------------+-------------------------+---------------------------+--------------------------+----------------------------------+
; Voltage Supply ; Total Current Drawn (1) ; Dynamic Current Drawn (1) ; Static Current Drawn (1) ; Minimum Power Supply Current (2) ;
+----------------+-------------------------+---------------------------+--------------------------+----------------------------------+
; VCCIO          ; 494.84 mA               ; 0.00 mA                   ; 494.84 mA                ; 494.84 mA                        ;
; VCCA           ; 0.00 mA                 ; 0.00 mA                   ; 0.00 mA                  ; 0.00 mA                          ;
; VCC_ONE        ; 113.87 mA               ; 0.00 mA                   ; 113.87 mA                ; 113.87 mA                        ;
+----------------+-------------------------+---------------------------+--------------------------+----------------------------------+
(1) Currents reported in columns "Total Current Drawn", "Dynamic Current Drawn", and "Static Current Drawn" are sufficient for user operation of the device.  
(2) Currents reported in column "Minimum Power Supply Current" are sufficient for power-up, configuration, and user operation of the device.


+-----------------------------------------------------------------------------------------------+
; VCCIO Supply Current Drawn by I/O Bank                                                        ;
+----------+---------------+---------------------+-----------------------+----------------------+
; I/O Bank ; VCCIO Voltage ; Total Current Drawn ; Dynamic Current Drawn ; Static Current Drawn ;
+----------+---------------+---------------------+-----------------------+----------------------+
; 1A       ; 3.3V          ; 47.77 mA            ; 0.00 mA               ; 47.77 mA             ;
; 1B       ; 3.3V          ; 47.77 mA            ; 0.00 mA               ; 47.77 mA             ;
; 2        ; 3.3V          ; 31.17 mA            ; 0.00 mA               ; 31.17 mA             ;
; 3        ; 3.3V          ; 103.10 mA           ; 0.00 mA               ; 103.10 mA            ;
; 5        ; 3.3V          ; 69.90 mA            ; 0.00 mA               ; 69.90 mA             ;
; 6        ; 3.3V          ; 58.83 mA            ; 0.00 mA               ; 58.83 mA             ;
; 8        ; 3.3V          ; 136.30 mA           ; 0.00 mA               ; 136.30 mA            ;
+----------+---------------+---------------------+-----------------------+----------------------+


+-----------------------------------------------------------------------------------------------------------------------------------+
; VCCIO Supply Current Drawn by Voltage                                                                                             ;
+---------------+-------------------------+---------------------------+--------------------------+----------------------------------+
; VCCIO Voltage ; Total Current Drawn (1) ; Dynamic Current Drawn (1) ; Static Current Drawn (1) ; Minimum Power Supply Current (2) ;
+---------------+-------------------------+---------------------------+--------------------------+----------------------------------+
; 3.3V          ; 494.84 mA               ; 0.00 mA                   ; 494.84 mA                ; 494.84 mA                        ;
+---------------+-------------------------+---------------------------+--------------------------+----------------------------------+
(1) Currents reported in columns "Total Current Drawn", "Dynamic Current Drawn", and "Static Current Drawn" are sufficient for user operation of the device.  
(2) Currents reported in column "Minimum Power Supply Current" are sufficient for power-up, configuration, and user operation of the device.


+-------------------------------------------------------------------------------------------------------------------------------------------------+
; Confidence Metric Details                                                                                                                       ;
+----------------------------------------------------------------------------------------+-------------+------------+-------------+---------------+
; Data Source                                                                            ; Total       ; Pin        ; Registered  ; Combinational ;
+----------------------------------------------------------------------------------------+-------------+------------+-------------+---------------+
; Simulation (from file)                                                                 ;             ;            ;             ;               ;
;     -- Number of signals with Toggle Rate from Simulation                              ; 0 (0.0%)    ; 0 (0.0%)   ; 0 (0.0%)    ; 0 (0.0%)      ;
;     -- Number of signals with Static Probability from Simulation                       ; 0 (0.0%)    ; 0 (0.0%)   ; 0 (0.0%)    ; 0 (0.0%)      ;
;                                                                                        ;             ;            ;             ;               ;
; Node, entity or clock assignment                                                       ;             ;            ;             ;               ;
;     -- Number of signals with Toggle Rate from Node, entity or clock assignment        ; 0 (0.0%)    ; 0 (0.0%)   ; 0 (0.0%)    ; 0 (0.0%)      ;
;     -- Number of signals with Static Probability from Node, entity or clock assignment ; 2 (0.4%)    ; 0 (0.0%)   ; 0 (0.0%)    ; 2 (0.7%)      ;
;                                                                                        ;             ;            ;             ;               ;
; Vectorless estimation                                                                  ;             ;            ;             ;               ;
;     -- Number of signals with Toggle Rate from Vectorless estimation                   ; 450 (96.8%) ; 70 (82.4%) ; 86 (100.0%) ; 294 (100.0%)  ;
;     -- Number of signals with Zero toggle rate, from Vectorless estimation             ; 34 (7.3%)   ; 5 (5.9%)   ; 3 (3.5%)    ; 26 (8.8%)     ;
;     -- Number of signals with Static Probability from Vectorless estimation            ; 448 (96.3%) ; 70 (82.4%) ; 86 (100.0%) ; 292 (99.3%)   ;
;                                                                                        ;             ;            ;             ;               ;
; Default assignment                                                                     ;             ;            ;             ;               ;
;     -- Number of signals with Toggle Rate from Default assignment                      ; 0 (0.0%)    ; 0 (0.0%)   ; 0 (0.0%)    ; 0 (0.0%)      ;
;     -- Number of signals with Static Probability from Default assignment               ; 15 (3.2%)   ; 15 (17.6%) ; 0 (0.0%)    ; 0 (0.0%)      ;
;                                                                                        ;             ;            ;             ;               ;
; Assumed 0                                                                              ;             ;            ;             ;               ;
;     -- Number of signals with Toggle Rate assumed 0                                    ; 15 (3.2%)   ; 15 (17.6%) ; 0 (0.0%)    ; 0 (0.0%)      ;
+----------------------------------------------------------------------------------------+-------------+------------+-------------+---------------+


+---------------------------------------------------------------------------------------------------------------------------------------------+
; Signal Activities                                                                                                                           ;
+--------+------+---------------------------------------------+-------------------------+--------------------+--------------------------------+
; Signal ; Type ; Toggle Rate (millions of transitions / sec) ; Toggle Rate Data Source ; Static Probability ; Static Probability Data Source ;
+--------+------+---------------------------------------------+-------------------------+--------------------+--------------------------------+
(1) The "Signal Activity" Table has been hidden. To show this table, please select the "Write signal activities to report file" option under "PowerPlay Power Analyzer Settings".


+-----------------------------------+
; PowerPlay Power Analyzer Messages ;
+-----------------------------------+
Info: *******************************************************************
Info: Running Quartus II 64-Bit PowerPlay Power Analyzer
    Info: Version 15.0.0 Build 145 04/22/2015 SJ Full Version
    Info: Processing started: Mon Nov 21 17:38:41 2016
Info: Command: quartus_pow --read_settings_files=off --write_settings_files=off MAX10_V21_Code -c MAX10_V21_Code
Info (21077): Low junction temperature is -40 degrees C
Info (21077): High junction temperature is 100 degrees C
Critical Warning (332012): Synopsys Design Constraints File file not found: 'MAX10_V21_Code.sdc'. A Synopsys Design Constraints File is required by the TimeQuest Timing Analyzer to get proper timing constraints. Without it, the Compiler will not properly optimize the design.
Warning (332060): Node: Clock_div:clk_1Hz_uut|clk_div_pulse_out was determined to be a clock but was found without an associated clock assignment.
    Info (13166): Register Heart_beat:Heart_beat_uut|heart_cnt[1] is being clocked by Clock_div:clk_1Hz_uut|clk_div_pulse_out
Warning (332060): Node: clk_in was determined to be a clock but was found without an associated clock assignment.
    Info (13166): Register Debounce:Debounce_uut|key_state[0] is being clocked by clk_in
Warning (332068): No clocks defined in design.
Info (223000): Starting Vectorless Power Activity Estimation
Warning (222013): Relative toggle rates could not be calculated because no clock domain could be identified for some nodes
Info (223001): Completed Vectorless Power Activity Estimation
Info (218000): Using Advanced I/O Power to simulate I/O buffers with the specified board trace model
Warning (215044): No board thermal model was selected.  Analyzing without board thermal modeling.
Info (334003): Started post-fitting delay annotation
Warning (12535): Advance timing characteristics for device 10M02SCM153I7G. Delays will change in future releases.
Info (334004): Delay annotation completed successfully
Info (215049): Average toggle rate for this design is 0.000 millions of transitions / sec
Info (215031): Total thermal power estimate for the design is 1974.55 mW
Info: Quartus II 64-Bit PowerPlay Power Analyzer was successful. 0 errors, 7 warnings
    Info: Peak virtual memory: 694 megabytes
    Info: Processing ended: Mon Nov 21 17:38:47 2016
    Info: Elapsed time: 00:00:06
    Info: Total CPU time (on all processors): 00:00:06


